Archive member included to satisfy reference by file (symbol)

lib/orangescrt.a(printf.o)    kernel/main.o (printf)
lib/orangescrt.a(vsprintf.o)  kernel/main.o (vsprintf)
lib/orangescrt.a(string.o)    kernel/start.o (memcpy)
lib/orangescrt.a(misc.o)      kernel/main.o (send_recv)
lib/orangescrt.a(open.o)      kernel/main.o (open)
lib/orangescrt.a(read.o)      kernel/main.o (read)
lib/orangescrt.a(write.o)     kernel/main.o (write)
lib/orangescrt.a(close.o)     kernel/main.o (close)
lib/orangescrt.a(unlink.o)    kernel/main.o (unlink)
lib/orangescrt.a(getpid.o)    fs/disklog.o (getpid)
lib/orangescrt.a(stat.o)      kernel/main.o (stat)
lib/orangescrt.a(fork.o)      kernel/main.o (fork)
lib/orangescrt.a(wait.o)      kernel/main.o (wait)
lib/orangescrt.a(exec.o)      kernel/main.o (execv)
lib/orangescrt.a(syscall.o)   lib/orangescrt.a(misc.o) (sendrec)

Allocating common symbols
Common symbol       size              file

filequeue           0x140             kernel/main.o
idt_ptr             0x6               kernel/global.o
dirs                0x258             kernel/main.o
inode_table         0xb00             kernel/global.o
task_stack          0x24000           kernel/global.o
k_reenter           0x4               kernel/global.o
gdt                 0x400             kernel/global.o
current_console     0x4               kernel/global.o
pcaller             0x4               kernel/global.o
tty_table           0xc6c             kernel/global.o
tss                 0x68              kernel/global.o
fs_msg              0xb0              kernel/global.o
memory_size         0x4               kernel/global.o
f_desc_table        0x400             kernel/global.o
dirqueue            0x140             kernel/main.o
root_inode          0x4               kernel/global.o
disp_pos            0x4               kernel/global.o
files               0x3c0             kernel/main.o
mm_msg              0xb0              kernel/global.o
key_pressed         0x4               kernel/global.o
gdt_ptr             0x6               kernel/global.o
idt                 0x800             kernel/global.o
super_block         0x1e0             kernel/global.o
PARTITION_ENTRY     0x10              kernel/hd.o
ticks               0x4               kernel/global.o
console_table       0x3c              kernel/global.o
irq_table           0x40              kernel/global.o
p_proc_ready        0x4               kernel/global.o
proc_table          0x17e8            kernel/global.o

Discarded input sections

 .note.GNU-stack
                0x0000000000000000        0x0 kernel/start.o
 .note.GNU-stack
                0x0000000000000000        0x0 kernel/main.o
 .note.GNU-stack
                0x0000000000000000        0x0 kernel/clock.o
 .note.GNU-stack
                0x0000000000000000        0x0 kernel/keyboard.o
 .note.GNU-stack
                0x0000000000000000        0x0 kernel/tty.o
 .note.GNU-stack
                0x0000000000000000        0x0 kernel/console.o
 .note.GNU-stack
                0x0000000000000000        0x0 kernel/i8259.o
 .note.GNU-stack
                0x0000000000000000        0x0 kernel/global.o
 .note.GNU-stack
                0x0000000000000000        0x0 kernel/protect.o
 .note.GNU-stack
                0x0000000000000000        0x0 kernel/proc.o
 .note.GNU-stack
                0x0000000000000000        0x0 kernel/systask.o
 .note.GNU-stack
                0x0000000000000000        0x0 kernel/hd.o
 .note.GNU-stack
                0x0000000000000000        0x0 kernel/klib.o
 .note.GNU-stack
                0x0000000000000000        0x0 lib/syslog.o
 .note.GNU-stack
                0x0000000000000000        0x0 mm/main.o
 .note.GNU-stack
                0x0000000000000000        0x0 mm/forkexit.o
 .note.GNU-stack
                0x0000000000000000        0x0 mm/exec.o
 .note.GNU-stack
                0x0000000000000000        0x0 fs/main.o
 .note.GNU-stack
                0x0000000000000000        0x0 fs/open.o
 .note.GNU-stack
                0x0000000000000000        0x0 fs/misc.o
 .note.GNU-stack
                0x0000000000000000        0x0 fs/read_write.o
 .note.GNU-stack
                0x0000000000000000        0x0 fs/link.o
 .note.GNU-stack
                0x0000000000000000        0x0 fs/disklog.o
 .note.GNU-stack
                0x0000000000000000        0x0 lib/orangescrt.a(printf.o)
 .note.GNU-stack
                0x0000000000000000        0x0 lib/orangescrt.a(vsprintf.o)
 .note.GNU-stack
                0x0000000000000000        0x0 lib/orangescrt.a(misc.o)
 .note.GNU-stack
                0x0000000000000000        0x0 lib/orangescrt.a(open.o)
 .note.GNU-stack
                0x0000000000000000        0x0 lib/orangescrt.a(read.o)
 .note.GNU-stack
                0x0000000000000000        0x0 lib/orangescrt.a(write.o)
 .note.GNU-stack
                0x0000000000000000        0x0 lib/orangescrt.a(close.o)
 .note.GNU-stack
                0x0000000000000000        0x0 lib/orangescrt.a(unlink.o)
 .note.GNU-stack
                0x0000000000000000        0x0 lib/orangescrt.a(getpid.o)
 .note.GNU-stack
                0x0000000000000000        0x0 lib/orangescrt.a(stat.o)
 .note.GNU-stack
                0x0000000000000000        0x0 lib/orangescrt.a(fork.o)
 .note.GNU-stack
                0x0000000000000000        0x0 lib/orangescrt.a(wait.o)
 .note.GNU-stack
                0x0000000000000000        0x0 lib/orangescrt.a(exec.o)

Memory Configuration

Name             Origin             Length             Attributes
*default*        0x0000000000000000 0xffffffffffffffff

Linker script and memory map

Address of section .text set to 0x1000
LOAD kernel/kernel.o
LOAD kernel/start.o
LOAD kernel/main.o
LOAD kernel/clock.o
LOAD kernel/keyboard.o
LOAD kernel/tty.o
LOAD kernel/console.o
LOAD kernel/i8259.o
LOAD kernel/global.o
LOAD kernel/protect.o
LOAD kernel/proc.o
LOAD kernel/systask.o
LOAD kernel/hd.o
LOAD kernel/kliba.o
LOAD kernel/klib.o
LOAD lib/syslog.o
LOAD mm/main.o
LOAD mm/forkexit.o
LOAD mm/exec.o
LOAD fs/main.o
LOAD fs/open.o
LOAD fs/misc.o
LOAD fs/read_write.o
LOAD fs/link.o
LOAD fs/disklog.o
LOAD lib/orangescrt.a
                [!provide]                        PROVIDE (__executable_start, 0x8048000)
                0x0000000008048094                . = (0x8048000 + SIZEOF_HEADERS)

.interp
 *(.interp)

.note.gnu.build-id
 *(.note.gnu.build-id)

.hash
 *(.hash)

.gnu.hash
 *(.gnu.hash)

.dynsym
 *(.dynsym)

.dynstr
 *(.dynstr)

.gnu.version
 *(.gnu.version)

.gnu.version_d
 *(.gnu.version_d)

.gnu.version_r
 *(.gnu.version_r)

.rel.dyn        0x0000000008048094        0x0
 *(.rel.init)
 *(.rel.text .rel.text.* .rel.gnu.linkonce.t.*)
 .rel.text      0x0000000008048094        0x0 kernel/kernel.o
 *(.rel.fini)
 *(.rel.rodata .rel.rodata.* .rel.gnu.linkonce.r.*)
 *(.rel.data.rel.ro .rel.data.rel.ro.* .rel.gnu.linkonce.d.rel.ro.*)
 *(.rel.data .rel.data.* .rel.gnu.linkonce.d.*)
 .rel.data      0x0000000008048094        0x0 kernel/kernel.o
 *(.rel.tdata .rel.tdata.* .rel.gnu.linkonce.td.*)
 *(.rel.tbss .rel.tbss.* .rel.gnu.linkonce.tb.*)
 *(.rel.ctors)
 *(.rel.dtors)
 *(.rel.got)
 *(.rel.bss .rel.bss.* .rel.gnu.linkonce.b.*)
 *(.rel.ifunc)

.rel.plt        0x0000000008048094        0x0
 *(.rel.plt)
                [!provide]                        PROVIDE (__rel_iplt_start, .)
 *(.rel.iplt)
 .rel.iplt      0x0000000008048094        0x0 kernel/kernel.o
                [!provide]                        PROVIDE (__rel_iplt_end, .)

.init
 *(SORT(.init))

.plt            0x00000000080480a0        0x0
 *(.plt)
 *(.iplt)
 .iplt          0x00000000080480a0        0x0 kernel/kernel.o

.plt.got
 *(.plt.got)

.text           0x0000000000001000    0x10e58
 *(.text.unlikely .text.*_unlikely .text.unlikely.*)
 *(.text.exit .text.exit.*)
 *(.text.startup .text.startup.*)
 *(.text.hot .text.hot.*)
 *(.text .stub .text.* .gnu.linkonce.t.*)
 .text          0x0000000000001000      0x410 kernel/kernel.o
                0x0000000000001000                _start
                0x0000000000001040                hwint00
                0x0000000000001070                hwint01
                0x00000000000010a0                hwint02
                0x00000000000010d0                hwint03
                0x0000000000001100                hwint04
                0x0000000000001130                hwint05
                0x0000000000001160                hwint06
                0x0000000000001190                hwint07
                0x00000000000011c0                hwint08
                0x00000000000011f0                hwint09
                0x0000000000001220                hwint10
                0x0000000000001250                hwint11
                0x0000000000001280                hwint12
                0x00000000000012b0                hwint13
                0x00000000000012e0                hwint14
                0x0000000000001310                hwint15
                0x0000000000001334                divide_error
                0x000000000000133a                single_step_exception
                0x0000000000001340                nmi
                0x0000000000001346                breakpoint_exception
                0x000000000000134c                overflow
                0x0000000000001352                bounds_check
                0x0000000000001358                inval_opcode
                0x000000000000135e                copr_not_available
                0x0000000000001364                double_fault
                0x0000000000001368                copr_seg_overrun
                0x000000000000136e                inval_tss
                0x0000000000001372                segment_not_present
                0x0000000000001376                stack_exception
                0x000000000000137a                general_protection
                0x000000000000137e                page_fault
                0x0000000000001382                copr_error
                0x00000000000013cb                sys_call
                0x00000000000013eb                restart
 .text          0x0000000000001410       0x95 kernel/start.o
                0x0000000000001410                cstart
 .text          0x00000000000014a5     0x5792 kernel/main.o
                0x00000000000014a5                kernel_main
                0x00000000000017c3                get_ticks
                0x0000000000001803                untar
                0x00000000000019c1                Init
                0x0000000000001af3                TestA
                0x0000000000001af8                TestB
                0x0000000000001afd                TestC
                0x0000000000001b02                panic
                0x0000000000001b48                shabby_shell
                0x00000000000025dd                welcome
                0x0000000000002686                clear
                0x00000000000026b9                off
                0x00000000000026bf                showProcess
                0x0000000000002801                killProcess
                0x00000000000028d2                makeProcess
                0x00000000000029b5                help
                0x0000000000002ade                colorful
                0x0000000000002c58                information
                0x0000000000002cdf                initFS
                0x0000000000002d9c                isDir
                0x0000000000002dc7                getFilepath
                0x0000000000002de3                getDirFilepath
                0x0000000000002e12                getDirpathAndFilename
                0x0000000000002f07                getFreeFilePos
                0x0000000000002f51                getFreeDirPos
                0x0000000000002f9b                getPosInDirQueue
                0x0000000000002feb                addFileIntoDir
                0x000000000000307a                deleteFileFromDir
                0x00000000000031d2                createFile
                0x00000000000032cb                createDir
                0x00000000000033c9                integration
                0x00000000000035c5                readFile
                0x00000000000036ed                editCover
                0x00000000000037af                editAppand
                0x00000000000038b0                deleteFile
                0x000000000000399f                deleteDir
                0x0000000000003bc7                ls
                0x0000000000003c45                cd
                0x0000000000003cc3                cdback
                0x0000000000003d22                integration2
                0x0000000000003f4c                shizhuaner
                0x0000000000003ff3                shizhuaner_weishu
                0x00000000000041a8                shiliuzhuaner
                0x0000000000004727                c_out
                0x000000000000499b                abcd_out
                0x0000000000004ba5                yu
                0x0000000000004c19                huo
                0x0000000000004c8b                fei
                0x0000000000004ce8                yihuo
                0x0000000000004d56                jia
                0x0000000000004e62                F
                0x0000000000004ea9                G
                0x0000000000004ef0                H
                0x0000000000004f18                I
                0x0000000000004f4e                move
                0x0000000000004fdb                round16
                0x0000000000005517                MD5
                0x0000000000006a40                panduan
 .text          0x0000000000006c37      0x10d kernel/clock.o
                0x0000000000006c37                clock_handler
                0x0000000000006cb2                milli_delay
                0x0000000000006cec                init_clock
 .text          0x0000000000006d44      0x6da kernel/keyboard.o
                0x0000000000006d44                keyboard_handler
                0x0000000000006dae                init_keyboard
                0x0000000000006e5d                keyboard_read
 .text          0x000000000000741e      0xa83 kernel/tty.o
                0x000000000000741e                task_tty
                0x000000000000762d                in_process
                0x0000000000007ba1                sys_printx
                0x0000000000007d40                dump_tty_buf
 .text          0x0000000000007ea1      0x7d7 kernel/console.o
                0x0000000000007ea1                init_screen
                0x0000000000008015                out_char
                0x00000000000082f2                is_current_console
                0x00000000000083e5                select_console
                0x0000000000008425                scroll_screen
 .text          0x0000000000008678      0x130 kernel/i8259.o
                0x0000000000008678                init_8259A
                0x000000000000874d                spurious_irq
                0x0000000000008784                put_irq_handler
 .text          0x00000000000087a8        0x0 kernel/global.o
 .text          0x00000000000087a8      0x65f kernel/protect.o
                0x00000000000087a8                init_prot
                0x0000000000008c10                seg2linear
                0x0000000000008c5f                init_desc
                0x0000000000008ccc                exception_handler
 .text          0x0000000000008e07     0x1622 kernel/proc.o
                0x0000000000008e07                schedule
                0x0000000000008e93                sys_sendrec
                0x0000000000008fb3                ldt_seg_linear
                0x0000000000008ffd                va2la
                0x000000000000905e                reset_msg
                0x0000000000009e5e                inform_int
                0x0000000000009fce                dump_proc
                0x000000000000a30a                dump_msg
 .text          0x000000000000a429      0x2dd kernel/systask.o
                0x000000000000a429                task_sys
 .text          0x000000000000a706      0xe6d kernel/hd.o
                0x000000000000a706                task_hd
                0x000000000000b548                hd_handler
 *fill*         0x000000000000b573        0xd 
 .text          0x000000000000b580      0x19a kernel/kliba.o
                0x000000000000b580                disp_str
                0x000000000000b5be                disp_color_str
                0x000000000000b5fd                out_byte
                0x000000000000b609                in_byte
                0x000000000000b613                port_read
                0x000000000000b626                port_write
                0x000000000000b639                disable_irq
                0x000000000000b66e                enable_irq
                0x000000000000b68d                disable_int
                0x000000000000b68f                enable_int
                0x000000000000b691                glitter
 .text          0x000000000000b71a      0x416 kernel/klib.o
                0x000000000000b71a                get_boot_params
                0x000000000000b7a0                get_kernel_map
                0x000000000000b8b0                itoa
                0x000000000000b95b                disp_int
                0x000000000000b982                delay
                0x000000000000b9c9                str2Int
                0x000000000000ba66                getMag
                0x000000000000ba9c                getSize
                0x000000000000bace                showFormatString
 .text          0x000000000000bb30       0x6f lib/syslog.o
                0x000000000000bb30                syslog
 .text          0x000000000000bb9f      0x1bc mm/main.o
                0x000000000000bb9f                task_mm
                0x000000000000bcd6                alloc_mem
                0x000000000000bd51                free_mem
 .text          0x000000000000bd5b      0x5e1 mm/forkexit.o
                0x000000000000bd5b                do_fork
                0x000000000000c0a2                do_exit
                0x000000000000c27d                do_wait
 .text          0x000000000000c33c      0x356 mm/exec.o
                0x000000000000c33c                do_exec
 .text          0x000000000000c692     0x10c4 fs/main.o
                0x000000000000c692                task_fs
                0x000000000000d11d                rw_sector
                0x000000000000d35e                get_super_block
                0x000000000000d3a4                get_inode
                0x000000000000d507                put_inode
                0x000000000000d545                sync_inode
 .text          0x000000000000d756      0xaa6 fs/open.o
                0x000000000000d756                do_open
                0x000000000000db98                do_close
                0x000000000000dc13                do_lseek
 .text          0x000000000000e1fc      0x3b2 fs/misc.o
                0x000000000000e1fc                do_stat
                0x000000000000e3cd                search_file
                0x000000000000e523                strip_path
 .text          0x000000000000e5ae      0x49a fs/read_write.o
                0x000000000000e5ae                do_rdwt
 .text          0x000000000000ea48      0x808 fs/link.o
                0x000000000000ea48                do_unlink
 .text          0x000000000000f250     0x1fb8 fs/disklog.o
                0x000000000000f250                disklog
                0x000000000000f7bd                dump_fd_graph
 .text          0x0000000000011208       0xad lib/orangescrt.a(printf.o)
                0x0000000000011208                printf
                0x0000000000011273                printl
 .text          0x00000000000112b5      0x305 lib/orangescrt.a(vsprintf.o)
                0x0000000000011313                vsprintf
                0x0000000000011594                sprintf
 *fill*         0x00000000000115ba        0x6 
 .text          0x00000000000115c0       0x78 lib/orangescrt.a(string.o)
                0x00000000000115c0                memcpy
                0x00000000000115e9                memset
                0x000000000001160a                strcpy
                0x0000000000011622                strlen
 .text          0x0000000000011638      0x2cb lib/orangescrt.a(misc.o)
                0x0000000000011638                send_recv
                0x00000000000116f5                memcmp
                0x000000000001176b                strcmp
                0x00000000000117de                strcat
                0x000000000001183d                strjin
                0x00000000000118af                spin
                0x00000000000118ca                assertion_failure
 .text          0x0000000000011903       0x6f lib/orangescrt.a(open.o)
                0x0000000000011903                open
 .text          0x0000000000011972       0x40 lib/orangescrt.a(read.o)
                0x0000000000011972                read
 .text          0x00000000000119b2       0x40 lib/orangescrt.a(write.o)
                0x00000000000119b2                write
 .text          0x00000000000119f2       0x34 lib/orangescrt.a(close.o)
                0x00000000000119f2                close
 .text          0x0000000000011a26       0x45 lib/orangescrt.a(unlink.o)
                0x0000000000011a26                unlink
 .text          0x0000000000011a6b       0x52 lib/orangescrt.a(getpid.o)
                0x0000000000011a6b                getpid
 .text          0x0000000000011abd       0x6f lib/orangescrt.a(stat.o)
                0x0000000000011abd                stat
 .text          0x0000000000011b2c       0x72 lib/orangescrt.a(fork.o)
                0x0000000000011b2c                fork
 .text          0x0000000000011b9e       0x45 lib/orangescrt.a(wait.o)
                0x0000000000011b9e                wait
 .text          0x0000000000011be3      0x243 lib/orangescrt.a(exec.o)
                0x0000000000011be3                exec
                0x0000000000011c5a                execl
                0x0000000000011c7f                execv
 *fill*         0x0000000000011e26        0xa 
 .text          0x0000000000011e30       0x28 lib/orangescrt.a(syscall.o)
                0x0000000000011e30                sendrec
                0x0000000000011e4a                printx
 *(.gnu.warning)

.fini
 *(SORT(.fini))
                [!provide]                        PROVIDE (__etext, .)
                [!provide]                        PROVIDE (_etext, .)
                [!provide]                        PROVIDE (etext, .)

.rodata         0x0000000000011e60     0x3b93
 *(.rodata .rodata.* .gnu.linkonce.r.*)
 .rodata        0x0000000000011e60       0x47 kernel/start.o
 *fill*         0x0000000000011ea7       0x19 
 .rodata        0x0000000000011ec0     0x1781 kernel/main.o
 *fill*         0x0000000000013641        0x3 
 .rodata        0x0000000000013644       0x64 kernel/keyboard.o
 .rodata        0x00000000000136a8      0x168 kernel/tty.o
 .rodata        0x0000000000013810       0x5b kernel/console.o
 .rodata        0x000000000001386b       0x11 kernel/i8259.o
 .rodata        0x000000000001387c       0x10 kernel/global.o
                0x000000000001387c                FSBUF_SIZE
                0x0000000000013880                MMBUF_SIZE
                0x0000000000013884                LOGBUF_SIZE
                0x0000000000013888                LOGDISKBUF_SIZE
 *fill*         0x000000000001388c       0x14 
 .rodata        0x00000000000138a0      0x580 kernel/protect.o
 .rodata        0x0000000000013e20      0x5da kernel/proc.o
 .rodata        0x00000000000143fa       0x11 kernel/systask.o
 *fill*         0x000000000001440b        0x1 
 .rodata        0x000000000001440c      0x1df kernel/hd.o
 *fill*         0x00000000000145eb        0x1 
 .rodata        0x00000000000145ec       0x6d kernel/klib.o
 .rodata        0x0000000000014659       0x1e lib/syslog.o
 *fill*         0x0000000000014677        0x1 
 .rodata        0x0000000000014678       0xb1 mm/main.o
 *fill*         0x0000000000014729        0x3 
 .rodata        0x000000000001472c       0xe7 mm/forkexit.o
 *fill*         0x0000000000014813        0x1 
 .rodata        0x0000000000014814       0xa4 mm/exec.o
 .rodata        0x00000000000148b8      0x29a fs/main.o
 *fill*         0x0000000000014b52        0x2 
 .rodata        0x0000000000014b54      0x13c fs/open.o
 .rodata        0x0000000000014c90       0x60 fs/misc.o
 .rodata        0x0000000000014cf0      0x164 fs/read_write.o
 .rodata        0x0000000000014e54      0x1ad fs/link.o
 *fill*         0x0000000000015001        0x3 
 .rodata        0x0000000000015004      0x806 fs/disklog.o
 .rodata        0x000000000001580a       0x14 lib/orangescrt.a(printf.o)
 *fill*         0x000000000001581e        0x2 
 .rodata        0x0000000000015820       0xad lib/orangescrt.a(misc.o)
 .rodata        0x00000000000158cd       0x23 lib/orangescrt.a(open.o)
 .rodata        0x00000000000158f0       0x25 lib/orangescrt.a(getpid.o)
 .rodata        0x0000000000015915       0x23 lib/orangescrt.a(stat.o)
 .rodata        0x0000000000015938       0x33 lib/orangescrt.a(fork.o)
 *fill*         0x000000000001596b        0x1 
 .rodata        0x000000000001596c       0x87 lib/orangescrt.a(exec.o)

.rodata1
 *(.rodata1)

.eh_frame_hdr
 *(.eh_frame_hdr)
 *(.eh_frame_entry .eh_frame_entry.*)

.eh_frame       0x00000000000159f4     0x1994
 *(.eh_frame)
 .eh_frame      0x00000000000159f4       0x38 kernel/start.o
 .eh_frame      0x0000000000015a2c      0x760 kernel/main.o
                                        0x778 (size before relaxing)
 .eh_frame      0x000000000001618c       0x60 kernel/clock.o
                                         0x78 (size before relaxing)
 .eh_frame      0x00000000000161ec       0xe0 kernel/keyboard.o
                                         0xf8 (size before relaxing)
 .eh_frame      0x00000000000162cc      0x13c kernel/tty.o
                                        0x154 (size before relaxing)
 .eh_frame      0x0000000000016408      0x144 kernel/console.o
                                        0x15c (size before relaxing)
 .eh_frame      0x000000000001654c       0x60 kernel/i8259.o
                                         0x78 (size before relaxing)
 .eh_frame      0x00000000000165ac       0xb0 kernel/protect.o
                                         0xc8 (size before relaxing)
 .eh_frame      0x000000000001665c      0x1b8 kernel/proc.o
                                        0x1d0 (size before relaxing)
 .eh_frame      0x0000000000016814       0x5c kernel/systask.o
                                         0x74 (size before relaxing)
 .eh_frame      0x0000000000016870      0x1f0 kernel/hd.o
                                        0x208 (size before relaxing)
 .eh_frame      0x0000000000016a60      0x124 kernel/klib.o
                                        0x13c (size before relaxing)
 .eh_frame      0x0000000000016b84       0x20 lib/syslog.o
                                         0x38 (size before relaxing)
 .eh_frame      0x0000000000016ba4       0x7c mm/main.o
                                         0x94 (size before relaxing)
 .eh_frame      0x0000000000016c20       0x90 mm/forkexit.o
                                         0xa8 (size before relaxing)
 .eh_frame      0x0000000000016cb0       0x2c mm/exec.o
                                         0x44 (size before relaxing)
 .eh_frame      0x0000000000016cdc      0x170 fs/main.o
                                        0x188 (size before relaxing)
 .eh_frame      0x0000000000016e4c      0x120 fs/open.o
                                        0x138 (size before relaxing)
 .eh_frame      0x0000000000016f6c       0x68 fs/misc.o
                                         0x80 (size before relaxing)
 .eh_frame      0x0000000000016fd4       0x2c fs/read_write.o
                                         0x44 (size before relaxing)
 .eh_frame      0x0000000000017000       0x2c fs/link.o
                                         0x44 (size before relaxing)
 .eh_frame      0x000000000001702c       0x60 fs/disklog.o
                                         0x78 (size before relaxing)
 .eh_frame      0x000000000001708c       0x40 lib/orangescrt.a(printf.o)
                                         0x58 (size before relaxing)
 .eh_frame      0x00000000000170cc       0x60 lib/orangescrt.a(vsprintf.o)
                                         0x78 (size before relaxing)
 .eh_frame      0x000000000001712c       0xdc lib/orangescrt.a(misc.o)
                                         0xf4 (size before relaxing)
 .eh_frame      0x0000000000017208       0x20 lib/orangescrt.a(open.o)
                                         0x38 (size before relaxing)
 .eh_frame      0x0000000000017228       0x20 lib/orangescrt.a(read.o)
                                         0x38 (size before relaxing)
 .eh_frame      0x0000000000017248       0x20 lib/orangescrt.a(write.o)
                                         0x38 (size before relaxing)
 .eh_frame      0x0000000000017268       0x20 lib/orangescrt.a(close.o)
                                         0x38 (size before relaxing)
 .eh_frame      0x0000000000017288       0x20 lib/orangescrt.a(unlink.o)
                                         0x38 (size before relaxing)
 .eh_frame      0x00000000000172a8       0x20 lib/orangescrt.a(getpid.o)
                                         0x38 (size before relaxing)
 .eh_frame      0x00000000000172c8       0x20 lib/orangescrt.a(stat.o)
                                         0x38 (size before relaxing)
 .eh_frame      0x00000000000172e8       0x20 lib/orangescrt.a(fork.o)
                                         0x38 (size before relaxing)
 .eh_frame      0x0000000000017308       0x20 lib/orangescrt.a(wait.o)
                                         0x38 (size before relaxing)
 .eh_frame      0x0000000000017328       0x60 lib/orangescrt.a(exec.o)
                                         0x78 (size before relaxing)
 *(.eh_frame.*)

.gcc_except_table
 *(.gcc_except_table .gcc_except_table.*)

.gnu_extab
 *(.gnu_extab*)

.exception_ranges
 *(.exception_ranges .exception_ranges*)
                0x0000000000018388                . = DATA_SEGMENT_ALIGN (0x1000, 0x1000)

.eh_frame
 *(.eh_frame)
 *(.eh_frame.*)

.gnu_extab
 *(.gnu_extab)

.gcc_except_table
 *(.gcc_except_table .gcc_except_table.*)

.exception_ranges
 *(.exception_ranges .exception_ranges*)

.tdata
 *(.tdata .tdata.* .gnu.linkonce.td.*)

.tbss
 *(.tbss .tbss.* .gnu.linkonce.tb.*)
 *(.tcommon)

.preinit_array  0x0000000000018388        0x0
                [!provide]                        PROVIDE (__preinit_array_start, .)
 *(.preinit_array)
                [!provide]                        PROVIDE (__preinit_array_end, .)

.init_array     0x0000000000018388        0x0
                [!provide]                        PROVIDE (__init_array_start, .)
 *(SORT(.init_array.*) SORT(.ctors.*))
 *(.init_array EXCLUDE_FILE(*crtend?.o *crtend.o *crtbegin?.o *crtbegin.o) .ctors)
                [!provide]                        PROVIDE (__init_array_end, .)

.fini_array     0x0000000000018388        0x0
                [!provide]                        PROVIDE (__fini_array_start, .)
 *(SORT(.fini_array.*) SORT(.dtors.*))
 *(.fini_array EXCLUDE_FILE(*crtend?.o *crtend.o *crtbegin?.o *crtbegin.o) .dtors)
                [!provide]                        PROVIDE (__fini_array_end, .)

.ctors
 *crtbegin.o(.ctors)
 *crtbegin?.o(.ctors)
 *(EXCLUDE_FILE(*crtend?.o *crtend.o) .ctors)
 *(SORT(.ctors.*))
 *(.ctors)

.dtors
 *crtbegin.o(.dtors)
 *crtbegin?.o(.dtors)
 *(EXCLUDE_FILE(*crtend?.o *crtend.o) .dtors)
 *(SORT(.dtors.*))
 *(.dtors)

.jcr
 *(.jcr)

.data.rel.ro
 *(.data.rel.ro.local* .gnu.linkonce.d.rel.ro.local.*)
 *(.data.rel.ro .data.rel.ro.* .gnu.linkonce.d.rel.ro.*)

.dynamic
 *(.dynamic)

.got
 *(.got)
 *(.igot)
                0x0000000000018388                . = DATA_SEGMENT_RELRO_END (., (SIZEOF (.got.plt) >= 0xc)?0xc:0x0)

.got.plt        0x0000000000018388        0x0
 *(.got.plt)
 *(.igot.plt)
 .igot.plt      0x0000000000018388        0x0 kernel/kernel.o

.data           0x00000000000183a0      0x814
 *(.data .data.* .gnu.linkonce.d.*)
 .data          0x00000000000183a0        0x2 kernel/kernel.o
 .data          0x00000000000183a2        0x0 kernel/start.o
 *fill*         0x00000000000183a2        0x2 
 .data          0x00000000000183a4        0xc kernel/main.o
                0x00000000000183a4                location
 .data          0x00000000000183b0        0x0 kernel/clock.o
 *fill*         0x00000000000183b0       0x10 
 .data          0x00000000000183c0      0x600 kernel/keyboard.o
                0x00000000000183c0                keymap
 .data          0x00000000000189c0       0x22 kernel/tty.o
 .data          0x00000000000189e2        0x0 kernel/console.o
 .data          0x00000000000189e2        0x0 kernel/i8259.o
 *fill*         0x00000000000189e2       0x1e 
 .data          0x0000000000018a00      0x1b4 kernel/global.o
                0x0000000000018a00                task_table
                0x0000000000018ae0                user_proc_table
                0x0000000000018b80                sys_call_table
                0x0000000000018b8c                dd_map
                0x0000000000018ba4                fsbuf
                0x0000000000018ba8                mmbuf
                0x0000000000018bac                logbuf
                0x0000000000018bb0                logdiskbuf
 .data          0x0000000000018bb4        0x0 kernel/protect.o
 .data          0x0000000000018bb4        0x0 kernel/proc.o
 .data          0x0000000000018bb4        0x0 kernel/systask.o
 .data          0x0000000000018bb4        0x0 kernel/hd.o
 .data          0x0000000000018bb4        0x0 kernel/klib.o
 .data          0x0000000000018bb4        0x0 lib/syslog.o
 .data          0x0000000000018bb4        0x0 mm/main.o
 .data          0x0000000000018bb4        0x0 mm/forkexit.o
 .data          0x0000000000018bb4        0x0 mm/exec.o
 .data          0x0000000000018bb4        0x0 fs/main.o
 .data          0x0000000000018bb4        0x0 fs/open.o
 .data          0x0000000000018bb4        0x0 fs/misc.o
 .data          0x0000000000018bb4        0x0 fs/read_write.o
 .data          0x0000000000018bb4        0x0 fs/link.o
 .data          0x0000000000018bb4        0x0 fs/disklog.o
 .data          0x0000000000018bb4        0x0 lib/orangescrt.a(printf.o)
 .data          0x0000000000018bb4        0x0 lib/orangescrt.a(vsprintf.o)
 .data          0x0000000000018bb4        0x0 lib/orangescrt.a(misc.o)
 .data          0x0000000000018bb4        0x0 lib/orangescrt.a(open.o)
 .data          0x0000000000018bb4        0x0 lib/orangescrt.a(read.o)
 .data          0x0000000000018bb4        0x0 lib/orangescrt.a(write.o)
 .data          0x0000000000018bb4        0x0 lib/orangescrt.a(close.o)
 .data          0x0000000000018bb4        0x0 lib/orangescrt.a(unlink.o)
 .data          0x0000000000018bb4        0x0 lib/orangescrt.a(getpid.o)
 .data          0x0000000000018bb4        0x0 lib/orangescrt.a(stat.o)
 .data          0x0000000000018bb4        0x0 lib/orangescrt.a(fork.o)
 .data          0x0000000000018bb4        0x0 lib/orangescrt.a(wait.o)
 .data          0x0000000000018bb4        0x0 lib/orangescrt.a(exec.o)

.data1
 *(.data1)
                0x0000000000018bb4                _edata = .
                [!provide]                        PROVIDE (edata, .)
                0x0000000000018bb4                . = .
                0x0000000000018bb4                __bss_start = .

.bss            0x0000000000018bc0    0x29e58
 *(.dynbss)
 *(.bss .bss.* .gnu.linkonce.b.*)
 .bss           0x0000000000018bc0      0x800 kernel/kernel.o
 .bss           0x00000000000193c0        0x0 kernel/start.o
 .bss           0x00000000000193c0       0x2c kernel/main.o
                0x00000000000193c0                resu
                0x00000000000193e4                filecount
                0x00000000000193e8                dircount
 .bss           0x00000000000193ec        0x0 kernel/clock.o
 *fill*         0x00000000000193ec       0x14 
 .bss           0x0000000000019400       0x58 kernel/keyboard.o
 .bss           0x0000000000019458        0x0 kernel/tty.o
 .bss           0x0000000000019458        0x0 kernel/console.o
 .bss           0x0000000000019458        0x0 kernel/i8259.o
 .bss           0x0000000000019458        0x0 kernel/global.o
 .bss           0x0000000000019458        0x0 kernel/protect.o
 .bss           0x0000000000019458        0x0 kernel/proc.o
 .bss           0x0000000000019458        0x0 kernel/systask.o
 *fill*         0x0000000000019458        0x8 
 .bss           0x0000000000019460      0x64c kernel/hd.o
 .bss           0x0000000000019aac        0x0 kernel/klib.o
 .bss           0x0000000000019aac        0x0 lib/syslog.o
 .bss           0x0000000000019aac        0x0 mm/main.o
 .bss           0x0000000000019aac        0x0 mm/forkexit.o
 .bss           0x0000000000019aac        0x0 mm/exec.o
 .bss           0x0000000000019aac        0x0 fs/main.o
 .bss           0x0000000000019aac        0x0 fs/open.o
 .bss           0x0000000000019aac        0x0 fs/misc.o
 .bss           0x0000000000019aac        0x0 fs/read_write.o
 .bss           0x0000000000019aac        0x0 fs/link.o
 *fill*         0x0000000000019aac       0x14 
 .bss           0x0000000000019ac0      0x208 fs/disklog.o
 .bss           0x0000000000019cc8        0x0 lib/orangescrt.a(printf.o)
 .bss           0x0000000000019cc8        0x0 lib/orangescrt.a(vsprintf.o)
 .bss           0x0000000000019cc8        0x0 lib/orangescrt.a(misc.o)
 .bss           0x0000000000019cc8        0x0 lib/orangescrt.a(open.o)
 .bss           0x0000000000019cc8        0x0 lib/orangescrt.a(read.o)
 .bss           0x0000000000019cc8        0x0 lib/orangescrt.a(write.o)
 .bss           0x0000000000019cc8        0x0 lib/orangescrt.a(close.o)
 .bss           0x0000000000019cc8        0x0 lib/orangescrt.a(unlink.o)
 .bss           0x0000000000019cc8        0x0 lib/orangescrt.a(getpid.o)
 .bss           0x0000000000019cc8        0x0 lib/orangescrt.a(stat.o)
 .bss           0x0000000000019cc8        0x0 lib/orangescrt.a(fork.o)
 .bss           0x0000000000019cc8        0x0 lib/orangescrt.a(wait.o)
 .bss           0x0000000000019cc8        0x0 lib/orangescrt.a(exec.o)
 *(COMMON)
 *fill*         0x0000000000019cc8       0x18 
 COMMON         0x0000000000019ce0      0x8a0 kernel/main.o
                0x0000000000019ce0                filequeue
                0x0000000000019e20                dirs
                0x000000000001a080                dirqueue
                0x000000000001a1c0                files
 COMMON         0x000000000001a580    0x28488 kernel/global.o
                0x000000000001a580                idt_ptr
                0x000000000001a5a0                inode_table
                0x000000000001b0a0                task_stack
                0x000000000003f0a0                k_reenter
                0x000000000003f0c0                gdt
                0x000000000003f4c0                current_console
                0x000000000003f4c4                pcaller
                0x000000000003f4e0                tty_table
                0x0000000000040160                tss
                0x00000000000401e0                fs_msg
                0x0000000000040290                memory_size
                0x00000000000402a0                f_desc_table
                0x00000000000406a0                root_inode
                0x00000000000406a4                disp_pos
                0x00000000000406c0                mm_msg
                0x0000000000040770                key_pressed
                0x0000000000040774                gdt_ptr
                0x0000000000040780                idt
                0x0000000000040f80                super_block
                0x0000000000041160                ticks
                0x0000000000041180                console_table
                0x00000000000411c0                irq_table
                0x0000000000041200                p_proc_ready
                0x0000000000041220                proc_table
 COMMON         0x0000000000042a08       0x10 kernel/hd.o
                0x0000000000042a08                PARTITION_ENTRY
                0x0000000000042a18                . = ALIGN ((. != 0x0)?0x4:0x1)
                0x0000000000042a18                . = ALIGN (0x4)
                0x0000000000042a18                . = SEGMENT_START ("ldata-segment", .)
                0x0000000000042a18                . = ALIGN (0x4)
                0x0000000000042a18                _end = .
                [!provide]                        PROVIDE (end, .)
                0x0000000000042a18                . = DATA_SEGMENT_END (.)

.stab
 *(.stab)

.stabstr
 *(.stabstr)

.stab.excl
 *(.stab.excl)

.stab.exclstr
 *(.stab.exclstr)

.stab.index
 *(.stab.index)

.stab.indexstr
 *(.stab.indexstr)

.comment        0x0000000000000000       0x35
 *(.comment)
 .comment       0x0000000000000000       0x35 kernel/start.o
                                         0x36 (size before relaxing)
 .comment       0x0000000000000035       0x36 kernel/main.o
 .comment       0x0000000000000035       0x36 kernel/clock.o
 .comment       0x0000000000000035       0x36 kernel/keyboard.o
 .comment       0x0000000000000035       0x36 kernel/tty.o
 .comment       0x0000000000000035       0x36 kernel/console.o
 .comment       0x0000000000000035       0x36 kernel/i8259.o
 .comment       0x0000000000000035       0x36 kernel/global.o
 .comment       0x0000000000000035       0x36 kernel/protect.o
 .comment       0x0000000000000035       0x36 kernel/proc.o
 .comment       0x0000000000000035       0x36 kernel/systask.o
 .comment       0x0000000000000035       0x36 kernel/hd.o
 .comment       0x0000000000000035       0x36 kernel/klib.o
 .comment       0x0000000000000035       0x36 lib/syslog.o
 .comment       0x0000000000000035       0x36 mm/main.o
 .comment       0x0000000000000035       0x36 mm/forkexit.o
 .comment       0x0000000000000035       0x36 mm/exec.o
 .comment       0x0000000000000035       0x36 fs/main.o
 .comment       0x0000000000000035       0x36 fs/open.o
 .comment       0x0000000000000035       0x36 fs/misc.o
 .comment       0x0000000000000035       0x36 fs/read_write.o
 .comment       0x0000000000000035       0x36 fs/link.o
 .comment       0x0000000000000035       0x36 fs/disklog.o
 .comment       0x0000000000000035       0x36 lib/orangescrt.a(printf.o)
 .comment       0x0000000000000035       0x36 lib/orangescrt.a(vsprintf.o)
 .comment       0x0000000000000035       0x36 lib/orangescrt.a(misc.o)
 .comment       0x0000000000000035       0x36 lib/orangescrt.a(open.o)
 .comment       0x0000000000000035       0x36 lib/orangescrt.a(read.o)
 .comment       0x0000000000000035       0x36 lib/orangescrt.a(write.o)
 .comment       0x0000000000000035       0x36 lib/orangescrt.a(close.o)
 .comment       0x0000000000000035       0x36 lib/orangescrt.a(unlink.o)
 .comment       0x0000000000000035       0x36 lib/orangescrt.a(getpid.o)
 .comment       0x0000000000000035       0x36 lib/orangescrt.a(stat.o)
 .comment       0x0000000000000035       0x36 lib/orangescrt.a(fork.o)
 .comment       0x0000000000000035       0x36 lib/orangescrt.a(wait.o)
 .comment       0x0000000000000035       0x36 lib/orangescrt.a(exec.o)

.debug
 *(.debug)

.line
 *(.line)

.debug_srcinfo
 *(.debug_srcinfo)

.debug_sfnames
 *(.debug_sfnames)

.debug_aranges
 *(.debug_aranges)

.debug_pubnames
 *(.debug_pubnames)

.debug_info
 *(.debug_info .gnu.linkonce.wi.*)

.debug_abbrev
 *(.debug_abbrev)

.debug_line
 *(.debug_line .debug_line.* .debug_line_end)

.debug_frame
 *(.debug_frame)

.debug_str
 *(.debug_str)

.debug_loc
 *(.debug_loc)

.debug_macinfo
 *(.debug_macinfo)

.debug_weaknames
 *(.debug_weaknames)

.debug_funcnames
 *(.debug_funcnames)

.debug_typenames
 *(.debug_typenames)

.debug_varnames
 *(.debug_varnames)

.debug_pubtypes
 *(.debug_pubtypes)

.debug_ranges
 *(.debug_ranges)

.debug_macro
 *(.debug_macro)

.gnu.attributes
 *(.gnu.attributes)

/DISCARD/
 *(.note.GNU-stack)
 *(.gnu_debuglink)
 *(.gnu.lto_*)
OUTPUT(kernel.bin elf32-i386)
